Could not find the bitsandbytes CUDA binary at PosixPath('/net/projects2/chai-lab-models/haokunliu/alignment-batch/alignment_papers/test-corpus/function-vectors/run/.venv/lib/python3.10/site-packages/bitsandbytes/libbitsandbytes_cuda130.so')
The installed version of bitsandbytes was compiled without GPU support. 8-bit optimizers, 8-bit multiplication, and GPU quantization are unavailable.
Some weights of the model checkpoint at EleutherAI/gpt-j-6b were not used when initializing GPTJForCausalLM: ['transformer.h.0.attn.bias', 'transformer.h.0.attn.masked_bias', 'transformer.h.1.attn.bias', 'transformer.h.1.attn.masked_bias', 'transformer.h.10.attn.bias', 'transformer.h.10.attn.masked_bias', 'transformer.h.11.attn.bias', 'transformer.h.11.attn.masked_bias', 'transformer.h.12.attn.bias', 'transformer.h.12.attn.masked_bias', 'transformer.h.13.attn.bias', 'transformer.h.13.attn.masked_bias', 'transformer.h.14.attn.bias', 'transformer.h.14.attn.masked_bias', 'transformer.h.15.attn.bias', 'transformer.h.15.attn.masked_bias', 'transformer.h.16.attn.bias', 'transformer.h.16.attn.masked_bias', 'transformer.h.17.attn.bias', 'transformer.h.17.attn.masked_bias', 'transformer.h.18.attn.bias', 'transformer.h.18.attn.masked_bias', 'transformer.h.19.attn.bias', 'transformer.h.19.attn.masked_bias', 'transformer.h.2.attn.bias', 'transformer.h.2.attn.masked_bias', 'transformer.h.20.attn.bias', 'transformer.h.20.attn.masked_bias', 'transformer.h.21.attn.bias', 'transformer.h.21.attn.masked_bias', 'transformer.h.22.attn.bias', 'transformer.h.22.attn.masked_bias', 'transformer.h.23.attn.bias', 'transformer.h.23.attn.masked_bias', 'transformer.h.24.attn.bias', 'transformer.h.24.attn.masked_bias', 'transformer.h.25.attn.bias', 'transformer.h.25.attn.masked_bias', 'transformer.h.26.attn.bias', 'transformer.h.26.attn.masked_bias', 'transformer.h.27.attn.bias', 'transformer.h.27.attn.masked_bias', 'transformer.h.3.attn.bias', 'transformer.h.3.attn.masked_bias', 'transformer.h.4.attn.bias', 'transformer.h.4.attn.masked_bias', 'transformer.h.5.attn.bias', 'transformer.h.5.attn.masked_bias', 'transformer.h.6.attn.bias', 'transformer.h.6.attn.masked_bias', 'transformer.h.7.attn.bias', 'transformer.h.7.attn.masked_bias', 'transformer.h.8.attn.bias', 'transformer.h.8.attn.masked_bias', 'transformer.h.9.attn.bias', 'transformer.h.9.attn.masked_bias']
- This IS expected if you are initializing GPTJForCausalLM from the checkpoint of a model trained on another task or with another architecture (e.g. initializing a BertForSequenceClassification model from a BertForPreTraining model).
- This IS NOT expected if you are initializing GPTJForCausalLM from the checkpoint of a model that you expect to be exactly identical (initializing a BertForSequenceClassification model from a BertForSequenceClassification model).
Loading model EleutherAI/gpt-j-6b
Loading:  EleutherAI/gpt-j-6b
model converted to fp16
model loaded in 27s
  filter_set(test)=320/504  filter_set(valid)=132/216
[done] antonym seed42 in 1784s  L9 zs FV top1=0.491 (clean 0.009)  top5heads=[(11, 0, 0.0624), (8, 1, 0.0511), (9, 14, 0.051), (15, 5, 0.0497), (12, 10, 0.0338)]
  filter_set(test)=169/170  filter_set(valid)=74/74
[done] capitalize seed42 in 1035s  L9 zs FV top1=0.704 (clean 0.000)  top5heads=[(15, 5, 0.1694), (12, 10, 0.0939), (9, 14, 0.0441), (24, 6, 0.033), (14, 9, 0.0288)]
  filter_set(test)=41/42  filter_set(valid)=17/18
[done] country-capital seed42 in 515s  L9 zs FV top1=0.854 (clean 0.049)  top5heads=[(11, 0, 0.3214), (8, 1, 0.2013), (9, 14, 0.1932), (13, 13, 0.1648), (12, 10, 0.1388)]
  filter_set(test)=791/987  filter_set(valid)=316/423
[done] english-french seed42 in 3583s  L9 zs FV top1=0.729 (clean 0.015)  top5heads=[(15, 5, 0.1996), (9, 14, 0.1459), (12, 10, 0.0611), (8, 1, 0.0545), (14, 0, 0.0296)]
  filter_set(test)=58/61  filter_set(valid)=26/27
[done] present-past seed42 in 584s  L9 zs FV top1=0.241 (clean 0.017)  top5heads=[(12, 10, 0.0635), (15, 5, 0.0559), (8, 1, 0.0291), (21, 2, 0.0266), (9, 14, 0.0214)]
  filter_set(test)=42/43  filter_set(valid)=19/19
[done] singular-plural seed42 in 540s  L9 zs FV top1=0.429 (clean 0.214)  top5heads=[(12, 10, 0.05), (15, 5, 0.0216), (13, 13, 0.0159), (9, 14, 0.0119), (8, 1, 0.0119)]
