Could not find the bitsandbytes CUDA binary at PosixPath('/net/projects2/chai-lab-models/haokunliu/alignment-batch/alignment_papers/test-corpus/function-vectors/run/.venv/lib/python3.10/site-packages/bitsandbytes/libbitsandbytes_cuda130.so')
The installed version of bitsandbytes was compiled without GPU support. 8-bit optimizers, 8-bit multiplication, and GPU quantization are unavailable.
Loading:  EleutherAI/gpt-j-6b
Some weights of the model checkpoint at EleutherAI/gpt-j-6b were not used when initializing GPTJForCausalLM: ['transformer.h.0.attn.bias', 'transformer.h.0.attn.masked_bias', 'transformer.h.1.attn.bias', 'transformer.h.1.attn.masked_bias', 'transformer.h.10.attn.bias', 'transformer.h.10.attn.masked_bias', 'transformer.h.11.attn.bias', 'transformer.h.11.attn.masked_bias', 'transformer.h.12.attn.bias', 'transformer.h.12.attn.masked_bias', 'transformer.h.13.attn.bias', 'transformer.h.13.attn.masked_bias', 'transformer.h.14.attn.bias', 'transformer.h.14.attn.masked_bias', 'transformer.h.15.attn.bias', 'transformer.h.15.attn.masked_bias', 'transformer.h.16.attn.bias', 'transformer.h.16.attn.masked_bias', 'transformer.h.17.attn.bias', 'transformer.h.17.attn.masked_bias', 'transformer.h.18.attn.bias', 'transformer.h.18.attn.masked_bias', 'transformer.h.19.attn.bias', 'transformer.h.19.attn.masked_bias', 'transformer.h.2.attn.bias', 'transformer.h.2.attn.masked_bias', 'transformer.h.20.attn.bias', 'transformer.h.20.attn.masked_bias', 'transformer.h.21.attn.bias', 'transformer.h.21.attn.masked_bias', 'transformer.h.22.attn.bias', 'transformer.h.22.attn.masked_bias', 'transformer.h.23.attn.bias', 'transformer.h.23.attn.masked_bias', 'transformer.h.24.attn.bias', 'transformer.h.24.attn.masked_bias', 'transformer.h.25.attn.bias', 'transformer.h.25.attn.masked_bias', 'transformer.h.26.attn.bias', 'transformer.h.26.attn.masked_bias', 'transformer.h.27.attn.bias', 'transformer.h.27.attn.masked_bias', 'transformer.h.3.attn.bias', 'transformer.h.3.attn.masked_bias', 'transformer.h.4.attn.bias', 'transformer.h.4.attn.masked_bias', 'transformer.h.5.attn.bias', 'transformer.h.5.attn.masked_bias', 'transformer.h.6.attn.bias', 'transformer.h.6.attn.masked_bias', 'transformer.h.7.attn.bias', 'transformer.h.7.attn.masked_bias', 'transformer.h.8.attn.bias', 'transformer.h.8.attn.masked_bias', 'transformer.h.9.attn.bias', 'transformer.h.9.attn.masked_bias']
- This IS expected if you are initializing GPTJForCausalLM from the checkpoint of a model trained on another task or with another architecture (e.g. initializing a BertForSequenceClassification model from a BertForPreTraining model).
- This IS NOT expected if you are initializing GPTJForCausalLM from the checkpoint of a model that you expect to be exactly identical (initializing a BertForSequenceClassification model from a BertForSequenceClassification model).
fp16
seeds: [68268, 43567, 42613]
[skip] antonym seed68268
[skip] antonym seed43567
[skip] antonym seed42613
[skip] capitalize seed68268
[skip] capitalize seed43567
[skip] capitalize seed42613
[skip] country-capital seed68268
[skip] country-capital seed43567
[skip] country-capital seed42613
[skip] english-french seed68268
[skip] english-french seed43567
[done] english-french seed42613 in 2855s  L12 zs top1=0.029754204398447608
[done] present-past seed68268 in 227s  L12 zs top1=0.03333333333333333
[done] present-past seed43567 in 225s  L12 zs top1=0.0
[done] present-past seed42613 in 224s  L12 zs top1=0.05084745762711865
[done] singular-plural seed68268 in 165s  L12 zs top1=0.27906976744186046
[done] singular-plural seed43567 in 172s  L12 zs top1=0.20930232558139536
[done] singular-plural seed42613 in 181s  L12 zs top1=0.21428571428571427
