Could not find the bitsandbytes CUDA binary at PosixPath('/net/projects2/chai-lab-models/haokunliu/alignment-batch/alignment_papers/test-corpus/function-vectors/run/.venv/lib/python3.10/site-packages/bitsandbytes/libbitsandbytes_cuda130.so')
The installed version of bitsandbytes was compiled without GPU support. 8-bit optimizers, 8-bit multiplication, and GPU quantization are unavailable.
Some weights of the model checkpoint at EleutherAI/gpt-j-6b were not used when initializing GPTJForCausalLM: ['transformer.h.0.attn.bias', 'transformer.h.0.attn.masked_bias', 'transformer.h.1.attn.bias', 'transformer.h.1.attn.masked_bias', 'transformer.h.10.attn.bias', 'transformer.h.10.attn.masked_bias', 'transformer.h.11.attn.bias', 'transformer.h.11.attn.masked_bias', 'transformer.h.12.attn.bias', 'transformer.h.12.attn.masked_bias', 'transformer.h.13.attn.bias', 'transformer.h.13.attn.masked_bias', 'transformer.h.14.attn.bias', 'transformer.h.14.attn.masked_bias', 'transformer.h.15.attn.bias', 'transformer.h.15.attn.masked_bias', 'transformer.h.16.attn.bias', 'transformer.h.16.attn.masked_bias', 'transformer.h.17.attn.bias', 'transformer.h.17.attn.masked_bias', 'transformer.h.18.attn.bias', 'transformer.h.18.attn.masked_bias', 'transformer.h.19.attn.bias', 'transformer.h.19.attn.masked_bias', 'transformer.h.2.attn.bias', 'transformer.h.2.attn.masked_bias', 'transformer.h.20.attn.bias', 'transformer.h.20.attn.masked_bias', 'transformer.h.21.attn.bias', 'transformer.h.21.attn.masked_bias', 'transformer.h.22.attn.bias', 'transformer.h.22.attn.masked_bias', 'transformer.h.23.attn.bias', 'transformer.h.23.attn.masked_bias', 'transformer.h.24.attn.bias', 'transformer.h.24.attn.masked_bias', 'transformer.h.25.attn.bias', 'transformer.h.25.attn.masked_bias', 'transformer.h.26.attn.bias', 'transformer.h.26.attn.masked_bias', 'transformer.h.27.attn.bias', 'transformer.h.27.attn.masked_bias', 'transformer.h.3.attn.bias', 'transformer.h.3.attn.masked_bias', 'transformer.h.4.attn.bias', 'transformer.h.4.attn.masked_bias', 'transformer.h.5.attn.bias', 'transformer.h.5.attn.masked_bias', 'transformer.h.6.attn.bias', 'transformer.h.6.attn.masked_bias', 'transformer.h.7.attn.bias', 'transformer.h.7.attn.masked_bias', 'transformer.h.8.attn.bias', 'transformer.h.8.attn.masked_bias', 'transformer.h.9.attn.bias', 'transformer.h.9.attn.masked_bias']
- This IS expected if you are initializing GPTJForCausalLM from the checkpoint of a model trained on another task or with another architecture (e.g. initializing a BertForSequenceClassification model from a BertForPreTraining model).
- This IS NOT expected if you are initializing GPTJForCausalLM from the checkpoint of a model that you expect to be exactly identical (initializing a BertForSequenceClassification model from a BertForSequenceClassification model).
Loading:  EleutherAI/gpt-j-6b
Dataset: antonym
seed:74934
seed:54921
seed:19522
seed:44674
seed:34729
Dataset: english-french
seed:93452
seed:9876
seed:99264
seed:89104
seed:15247
Dataset: capitalize
seed:96895
seed:26718
seed:33399
seed:30627
seed:91203
Dataset: present-past
seed:88498
seed:94388
seed:75075
seed:88864
seed:68138
Dataset: singular-plural
seed:23569
seed:71048
seed:13355
seed:22768
seed:74308
Dataset: country-capital
seed:81230
seed:66257
seed:3790
seed:79719
seed:17550
